[3002] MapTileSize(256, 256) MapBlockSize(43, 43)

 Character
. . . . . . . . . . . . . . . . . . . . . . . . . . . . . . . . . . . . . . . . . . . 
. . . . . . . . . . . . . . . . . . . . . . . . . . . . . . . . . . . . . . . . . . . 
. . . . . . . . . . . . . . . . . . . . . . . . . . . . . . . . . . . . . . . . . . . 
. . . . . . . . . . . . . . . . . . . . . . . . . . . . . . . . . . . . . . . . . . . 
. . . . . . . . . . . . . . . . . . . . . . . . . . . . . . . . . . . . . . . . . . . 
. . . . . . . . . . . . . . . . . . . . . . . . . . . . . . . . . . . . . . . . . . . 
. . . . . . . . . . . . . . . . . . . . . . . . . . . . . . . . . . . . . . . . . . . 
. . . . . . . . . . . . . . . . . . . . . . . . . . . . . . . . . . . . . . . . . . . 
. . . . . . . . . . . . . . . . . . . . . . . . . . . . . . . . . . . . . . . . . . . 
. . . . . . . . . . . . . . . . . . . . . . . . . . . . . . . . . . . . . . . . . . . 
. . . . . . . . . . . . . . . . . . . . . . . . . . . . . . . . . . . . . . . . . . . 
. . . . . . . . . . . . . . . . . . . . . . . . . . . . . . . . . . . . . . . . . . . 
. . . . . . . . . . . . . . . . . . . . . . . . . . . . . . . . . . . . . . . . . . . 
. . . . . . . . . . . . . . . . . . . . . . . . . . . . . . . . . . . . . . . . . . . 
. . . . . . . . . . . . . . . . . . . . . . . . . . . . . . . . . . . . . . . . . . . 
. . . . . . . . . . . . . . . . . . . . . . . . . . . . . . . . . . . . . . . . . . . 
. . . . . . . . . . . . . . . . . . . . . . . . . . . . . . . . . . . . . . . . . . . 
. . . . . . . . . . . . . . . . . . . . . . . . . . . . . . . . . . . . . . . . . . . 
. . . . . . . . . . . . . . . . . . . . . . . . . . . . . . . . . . . . . . . . . . . 
. . . . . . . . . . . . . . . . . . . . . . . . . . . . . . . . . . . . . . . . . . . 
. . . . . . . . . . . . . . . . . . . . . . . . . . . . . . . . . . . . . . . . . . . 
. . . . . . . . . . . . . . . . . . . . . . . . . . . . . . . . . . . . . . . . . . . 
. . . . . . . . . . . . . . . . . . . . . . . . . . . . . . . . . . . . . . . . . . . 
. . . . . . . . . . . . . . . . . . . . . . . . . . . . . . . . . . . . . . . . . . . 
. . . . . . . . . . . . . . . . . . . . . . . . . . . . . . . . . . . . . . . . . . . 
. . . . . . . . . . . . . . . . . . . . . . . . . . . . . . . . . . . . . . . . . . . 
. . . . . . . . . . . . . . . . . . . . . . . . . . . . . . . . . . . . . . . . . . . 
. . . . . . . . . . . . . . . . . . . . . . . . . . . . . . . . . . . . . . . . . . . 
. . . . . . . . . . . . . . . . . . . . . . . . . . . . . . . . . . . . . . . . . . . 
. . . . . . . . . . . . . . . . . . . . . . . . . . . . . . . . . . . . . . . . . . . 
. . . . . . . . . . . . . . . . . . . . . . . . . . . . . . . . . . . . . . . . . . . 
. . . . . . . . . . . . . . . . . . . . . . . . . . . . . . . . . . . . . . . . . . . 
. . . . . . . . . . . . . . . . . . . . . . . . . . . . . . . . . . . . . . . . . . . 
. . . . . . . . . . . . . . . . . . . . . . . . . . . . . . . . . . . . . . . . . . . 
. . . . . . . . . . . . . . . . . . . . . . . . . . . . . . . . . . . . . . . . . . . 
. . . . . . . . . . . . . . . . . . . . . . . . . . . . . . . . . . . . . . . . . . . 
. . . . . . . . . . . . . . . . . . . . . . . . . . . . . . . . . . . . . . . . . . . 
. . . . . . . . . . . . . . . . . . . . . . . . . . . . . . . . . . . . . . . . . . . 
. . . . . . . . . . . . . . . . . . . . . . . . . . . . . . . . . . . . . . . . . . . 
. . . . . . . . . . . . . . . . . . . . . . . . . . . . . . . . . . . . . . . . . . . 
. . . . . . . . . . . . . . . . . . . . . . . . . . . . . . . . . . . . . . . . . . . 
. . . . . . . . . . . . . . . . . . . . . . . . . . . . . . . . . . . . . . . . . . . 
. . . . . . . . . . . . . . . . . . . . . . . . . . . . . . . . . . . . . . . . . . . 
====>  total: 0

 Monster MaxCount[432] CurrentCount[0]
. . . . . . . . . . . . . . . . . . . . . . . . . . . . . . . . . . . . . . . . . . . 
. . . . . . . . . . . . . . . . . . . . . . . . . . . . . . . . . . . . . . . . . . . 
. . . . . . . . . . . . . . . . . . . . . . . . . . . . . . . . . 1 . . . . . . . . . 
. . . . 1 . . 1 . . 1 . . . . . . . . . . . . . . . . . . 1 . . . . 2 . . . . . . . . 
. . . . . 2 . . . . 1 . . . . . . . . . . . . . . 1 . . . . . 1 . 1 . . . . . . . . . 
. . . . . . . . . . . . . . . . . . . . . . . . . . . . . . 1 . . . . . . . . . . . . 
. . . . . . . . . 1 . . . . . . . . . . . . . . . . 1 . . 1 . . 1 1 1 . . . . . . . . 
. . 1 . . . . . . . . . . . . . . . . . . . . . . . . 1 . . . . 1 . . . . . 1 2 . . . 
. . . . 2 . . . . . . . . . 1 . . . . . . . . . . . . 1 . . . . . 1 1 . . . . 1 . . . 
. . 2 . . . 1 . 1 1 . . . . . . . . . . . . . . . . . . 2 . . . . . . . . . . 1 . . . 
. . . . . . . 1 . . . . . 1 . . . . . . . . . . . . 1 . . . 1 . . 2 . . . . . . . . . 
. . . . . . 1 . 2 . . . . . 1 1 . . . . . . . . 1 . . 1 . . 1 . . 1 1 . . . . . . . . 
. . . . . . . . 1 1 . . . 1 . . . . . . . . . . . . 1 . . . 1 . . . . . 2 . . 1 . . . 
. . . . 1 . 1 . . . . . . 1 . . . . . . . . . . 2 . . . 1 . . . . . . 1 . . . . . . . 
. . . . 1 . . . . . . . . . 1 . . . . . . . . . 1 . . . . . . . . 1 . . . . 1 . . . . 
. . . . . . . . . 1 . . . . . . . . . . . 1 . 1 . . . . . . . 1 . . . . . . . 1 . . . 
. . . . . . . . . . . . . . . . . . . . . . . 3 . . . . . . . 1 . . . 1 . . . . . . . 
. . . . . 1 . . 1 1 . . . . . . . . . . . . 1 1 . . . . . . . . . . . . . . 1 . 2 . . 
. . . . . . . . . . . . . . . . . . . . . . 1 . . . . . . . 1 . 1 . . 1 . . . . . . . 
. . . . . . . . . . . . . . . . . . . . . . . . . 1 . . . . . 1 . . . . 1 1 . . 3 1 . 
. . . . . . . . . . . . . . 1 . . . . . . . . . . . . . . . . . . . . . . . . . 1 . . 
. . . 1 . . 1 1 . . . . . 1 1 . . 1 . . . . . . . . . . . . . . . . . . . . . . . . . 
. . . . . 1 . . . . . . . . . . . . . . . . . . . . . . . . . . . . . . . . . . . . . 
. . . . . . . . . . . . . . 1 . . . . . . . . . . . . . . . . . . . . . . . . . 1 . . 
. . . . . . . . . . . . . 1 . 1 1 . . . . . . . . . . . . . . . . . 1 1 1 . . . . . . 
. . . . . . 1 . . 1 . . . . . . 1 . . . . . . . . . . . . . . . . . . . 1 1 . . 1 . . 
. . . . 1 . . . . . . . . . . . 1 . . . . . . . . . . 1 . . . . . 1 1 . 1 . 2 2 1 . . 
. . . . 1 . 1 1 . . . . . . 1 1 . . 1 . . . . . . . . . 1 1 . . . . . . . . . . . 1 . 
. . . . . . . . . . . . . . . . . 1 . . . 2 . . . . . . 1 2 . . . . . . . . . . . . . 
. . . . 1 . . . 1 . . . 1 . . . . . 1 1 . . . . . . . . . . . . . . 1 . . . . 1 . . . 
. . . . . . . 1 . 1 . . . . 1 . . . . 1 . . . . . 1 . . . . . . . . . . . . . . . . . 
. . . . . 2 . . . 1 1 . . . . . . 2 . . . 1 . . . . . . . . . . . . . 1 . . . . . 1 . 
. . . . 1 . . 1 . 1 1 . . . . . . . . . . . . . 1 . . 1 . . . 1 1 . 1 . . . 1 1 . . . 
. . . . . . . . . . . . 2 . 1 1 . . 2 . . . . . . 1 . 1 . 1 . . . . . . 1 . 2 2 . . . 
. . . . . 1 . . . . . 1 . . . 1 . . . . 1 . . . . 1 . 1 . . . . 2 1 . . . . . . . . . 
. . . . . . . . . . . . . . . 1 . 1 . . 1 . . . . . . . . . . . . . . . . 1 . . . . . 
. . . . . . . . . . . . . . 1 . . . 1 . . . . . . 1 2 . . 1 . 1 . . . . . 1 . 1 . . . 
. . . . . . . . . . . 1 . . 1 . 1 . . 1 1 . . 1 . 1 . . 1 . . . . 1 . . . . . 2 1 . . 
. . . . . . . . . . . . . . . . 1 . . . . . . . . . . . . . . . . . . . . . . . . . . 
. . . . . . . . . . . . . . . . . . . . . . . . . . . . 2 . . . 1 1 . 3 1 . 1 . . . . 
. . . . . 1 . . 2 1 . 1 1 . . . . . 1 2 . . . . . . . 2 . . . . . . 1 . . . . 1 . . . 
. . . . . 1 . . . 1 1 1 . 1 . . . . . . . . . . . . . 1 . . . . . . . . . . . . . . . 
. . . . . . . . . . . . . . . . . . . . . . . . . . . . . . . . . . . . . . . . . . . 
====>  total: 265

 Item
. . . . . . . . . . . . . . . . . . . . . . . . . . . . . . . . . . . . . . . . . . . 
. . . . . . . . . . . . . . . . . . . . . . . . . . . . . . . . . . . . . . . . . . . 
. . . . . . . . . . . . . . . . . . . . . . . . . . . . . . . . . . . . . . . . . . . 
. . . . . . . . . . . . . . . . . . . . . . . . . . . . . . . . . . . . . . . . . . . 
. . . . . . . . . . . . . . . . . . . . . . . . . . . . . . . . . . . . . . . . . . . 
. . . . . . . . . . . . . . . . . . . . . . . . . . . . . . . . . . . . . . . . . . . 
. . . . . . . . . . . . . . . . . . . . . . . . . . . . . . . . . . . 1 . . . . . . . 
. . . . . . . . . . . . . . . . . . . . . . . . . . . . . . . . . . . . . . . . . . . 
. . . . . . . . . . . . . . . . . . . . . . . . . . . . . . . . . . . . . . . . . . . 
. . . . . . . . . . . . . . . . . . . . . . . . . . . . . . . . . . . . . . . . . . . 
. . . . . . . . . . . . . . . . . . . . . . . . . . . . . . . . . . . . . . . . . . . 
. . . . . . . . . . . . . . . . . . . . . . . . . . . . . . . . . . . . . . . . . . . 
. . . . . . . . . . . . . . . . . . . . . . . . . . . . . . . . . . . . . . . . . . . 
. . . . . . . . . . . . . . . . . . . . . . . . . . . . . . . . . . . . . . . . . . . 
. . . . . . . . . . . . . . . . . . . . . . . . . . . . . . . . . . . . . . . . . . . 
. . . . . . . . . . . . . . . . . . . . . . . . . . . . . . . . . . . . . . . . . . . 
. . . . . . . . . . . . . . . . . . . . . . . . . . . . . . . . . . . . . . . . . . . 
. . . . . . . . . . . . . . . . . . . . . . . . . . . . . . . . . . . . . . . . . . . 
. . . . . . . . . . . . . . . . . . . . . . . . . . . . . . . . . . . . . . . . . . . 
. . . . . . . . . . . . . . . . . . . . . . . . . . . . . . . . . . . . . . . . . . . 
. . . . . . . . . . . . . . . . . . . . . . . . . . . . . . . . . . . . . . . . . . . 
. . . . . . . . . . . . . . . . . . . . . . . . . . . . . . . . . . . . . . . . . . . 
. . . . . . . . . . . . . . . . . . . . . . . . . . . . . . . . . . . . . . . . . . . 
. . . . . . . . . . . . . . . . . . . . . . . . . . . . . . . . . . . . . . . . . . . 
. . . . . . . . . . . . . . . . . . . . . . . . . . . . . . . . . . 1 . . . . . . . . 
. . . . . . . . . . . . . . . . . . . . . . . . . . . . . . . . . . . . . . . . . . . 
. . . . . . . . . . . . . . . . . . . . . . . . . . . . . . . . . . . . . . . . . . . 
. . . . . . . . . . . . . . . . . . . . . . . . . . . . . . . . . . . . . . . . . . . 
. . . . . . . . . . . . . . . . . . . . . . . . . . . . . . . . . . . . . . . . . . . 
. . . . . . . . . . . . . . . . . . . . . . . . . . . . . . . . . . . . . . . . . . . 
. . . . . . . . . . . . . . . . . . . . . . . . . . . . . . . . . . . . . . . . . . . 
. . . . . . . . . . . . . . . . . . . . . . . . . . . . . . . . . . . . . . . . . . . 
. . . . . . . . . . . . . . . . . . . . . . . . . . . . . . . . . . . . . . . . . . . 
. . . . . . . . . . . . . . . . . . . . . . . . . . . . . . . . . . . . . . . . . . . 
. . . . . . . . . . . . . . . . . . . . . . . . . . . . . . . . . . . . . . . . . . . 
. . . . . . . . . . . . . . . . . . . . . . . . . . . . . . . . . . . . . . . . . . . 
. . . . . . . . . . . . . . . . . . . . . . . . . . . . . . . . . . . . . . . . . . . 
. . . . . . . . . . . . . . . . . . . . . . . . . . . . . . . . . . . . . . . . . . . 
. . . . . . . . . . . . . . . . . . . . . . . . . . . . . . . . . . . . . . . . . . . 
. . . . . . . . . . . . . . . . . . . . . . . . . . . . . . . . . . . . . . . . . . . 
. . . . . . . . . . . . . . . . . . . . . . . . . . . . . . . . . . . . . . . . . . . 
. . . . . . . . . . . . . . . . . . . . . . . . . . . . . . . . . . . . . . . . . . . 
. . . . . . . . . . . . . . . . . . . . . . . . . . . . . . . . . . . . . . . . . . . 
====>  total: 2